[40m[2J[2H[0;1;34mีออหออออออออออออัออออัอออออัอออออออออออออออออออออออออออออออออออออออออออออออออออธณ[33m# [34mบ[33mFilename.Ext[34mณ [33mPts[34mณ [33mSize[34mณ [33mDescription[39C[34mณิออฮออออออออออออุออออุอออออุออออออออออออออออออออออออออ[s
[uอออออออออออออออออออออออออพ[36m1  [34mบ[0mSYRINX13.ZIP[1;34mณ [32m34 [34mณ [33m348k[34mณ [36mA krad bbs ware with lots o' features and many[6H   [34mบ[12Cณ    ณ[5Cณ [36mother things..........[7H2  [34mบ[0mZMAXS   .ZIP[1;34mณ [32m2 [s
[u [34mณ  [33m80k[34mณ [36mSource to a new protocol that is suppposed to have[8H   [34mบ[12Cณ    ณ[5Cณ [36mbetter CPS than Zmodem[9H3  [34mบ[0mCELERITY.ZIP[1;34mณ [32mNC [34mณ [33m300k[34mณ [36mLame-O BBS software[10H[34mอออสออออออ[s
[uออออออฯออออฯอออออฯออออออออออออออออออออออออออออออออออออออออออออออออออออ[12H[13H[14H[15H[16H[17H[18H[19H[20H[21H[22H[23H[0m
