[40m[2J[0mีอออออออออออออออออออออออออออออออออธ[2Hณ [[1;32m1[0m] - [1;33mBBS and Communications    [0mณ[3Hิอออออออออออออออออออออออออออออออออพ[4Hษอออัออออออออออออัอออัออออัอัออออออออออออออออออออออออออออออออออออออออออออออออออปบ [1;33m# [0mณ[s
[u[1;33mFilename.Ext[0mณ[1;33mPts[0mณ[1;33mSize[0mณ[1;33mX[0mณ[1;33mDescription[39C[0mบฬอออุออออออออออออุอออุออออุอุออออออออออออออออออออออออออออออออออออออออออออออออออนบ[1;36m1  [0mณ[1;36mDOO2DOO2.ZIP[0mณ[1;36mN/C[0mณ[1;36m254k[0mณ ณ[s
[u[1;36mA most excellent BBS program...[19C[0mบบ[1;36m2  [0mณ[1;36mOS/2    .ZIP[0mณ[1;36m13 [0mณ[1;36m5.6M[0mณ[1;32m*[0mณ[1;36mA most excellent Operating System...[14C[0mบศอออฯออออออออออออฯอออฯออออฯอฯอออออออออออออออออออออออออออออออออออ[s
[uอออออออออออออออผีอออออออออออออออออออออออออธ[11Hณ[7C[1;36mBBS Listing[7C[0mณ[12Hิอออออออออออออออออออออออออพ[13H[14H[34mÜÜÜÜÜÜÜÜÜÜÜÜÜÜÜÜÜÜÜÜÜÜÜÜÜÜÜ[15H[44m        [1;37mBBS Listing        [36;40mÜ[16H[0;34m฿[1;36;44mÜÜÜÜÜÜÜÜÜÜÜÜÜÜ[40m[s
[u[44mÜÜÜÜÜÜÜÜÜÜÜÜÛ[17H[18H[19H[0mึฤฤฤฤฤฤฤฤฤฤฤฤฤฤฤฤฤฤฤฤฤฤฤฤฤท[20Hบ[7C[1;36mBBS Listing[7C[0mบ[21Hำฤฤฤฤฤฤฤฤฤฤฤฤฤฤฤฤฤฤฤฤฤฤฤฤฤฝ[22H[23H[0m
