[40m[2J[2H[0;30;46m฿฿฿฿฿฿฿฿฿฿฿฿฿฿฿฿฿฿฿฿฿฿฿฿฿฿฿฿฿฿[3H[36mÛ        [1;37mFile Listing  [0;36;46mÛÛÛ ÛÛÛ[1;30mÛ[4H[0;30;46mÜ[1mÜÜÜÜÜÜÜÜÜÜÜÜÜÜÜÜÜÜÜÜÜÜÜÜÜÜÜÜÜÛ[5H[6H[7H[36;40mษอออหออออออออออออหอออหออออหอหอออออออออออออออออออออออออออออออออออออ[s
[uอออออออออออออปบ[44m#  [40mบ[44mFilename.Ext[40mบ[44mPts[40mบ[44mSize[40mบ[44mX[40mบ[44mDescription                                       [40mบวฤฤฤืฤฤฤฤฤฤฤฤฤฤฤฤืฤฤฤืฤฤฤฤืฤืฤฤฤฤฤฤฤฤฤฤฤฤฤฤฤฤฤฤฤฤฤฤฤฤฤฤฤฤฤฤฤฤฤฤฤฤฤฤฤฤฤฤฤฤฤฤฤฤฤฤถบ[33m1  [36mบ[s
[u[33mDOO2DOO2.ZIP[36mบ[33m123[36mบ[33m3.2M[36mบ[33m*[36mบ[32mA Most Krad BBS Program[27C[36mบศอออสออออออออออออสอออสออออสอสออออออออออออออออออออออออออออออออออออออออออออออออออผ[13H[14H[15H[16H[17H[18H[19H[20H[21H[22H[23H[0m
