[40m[2J[2H[3H[4H[5H[0mีอออออออออออออออออออออออออธ[6Hณ[7C[1;36mBBS Listing[7C[0mณ[7Hิอออออออออออออออออออออออออพ[8H[9H[1;33;44mีอออออออออออออออออออออออออธ[10Hณ       [36mBBS Listing       [33mณ[36;40mÛ[11H[33;44mิออออออออออออออ[40m[s
[u[44mอออออออออออพ[36;40mÛ[12H ฿฿฿฿฿฿฿฿฿฿฿฿฿฿฿฿฿฿฿฿฿฿฿฿฿฿฿[13H[14H[0mึฤฤฤฤฤฤฤฤฤฤฤฤฤฤฤฤฤฤฤฤฤฤฤฤฤท[15Hบ[7C[1;36mBBS Listing[7C[0mบ[16Hำฤฤฤฤฤฤฤฤฤฤฤฤฤฤฤฤฤฤฤฤฤฤฤฤฤฝ[17H[18H[19H[20H[21H[22H[23H[0m
