[40m[2J[0;34mÚÄÄÄÄÄÄÄÄÄÄÄÄÄÄÄÄÄÂÄÄÄÄÄÄÄÄÄÄÄÄÄÄÄÄÄÄÄÄÄÄÄÄÄÄÄÄÄÄÄÄÄÄÄÄÄÄÄÂÄÄÄÄÄÄÄÄÄÄÄÄÄÄÄÄÄÄ¿[2H³  [1;33mDate[34m:[10C[0;34m³[39C³  [1;33mTime[34m:[11C[0;34m³[3HÃÄÄÄÄÄÄÄÄÄÄÄÄÄÄÄÄÄÁÄÄÄÄÄÄÄÄÄÄÄÄÄÄÄÄÄÂÄÄÄÄÄÄÄÄÄÄÄÄÄÄÄÄÄÄÄÄÄÁÄÄÄÄÄÄÄÄÄÄÄÄÄÄÄÄÄÄ´
[4H³ [1;35mSerial Number[34m:[20C[0;34m³ [1;32mTotal Days Up[6C[34m:[19C[0;34m³[5H³ [1;35mRegistered to[34m:[20C[0;34m³ [1;32mTotal System Calls [34m:[19C[0;34m³[6HÃÄÄÄÄÄÄÄÄÄÄÄÄÄÄÄÄÄÄÄÄÄÄÄÄÄÄÄÄÄÄÄÄÄÄÄ´ [1;32mTotal Calls Today  [s
[u[34m:[19C[0;34m³[7H³ [1;31mLast Caller[34m:[22C[0;34m³ [1;32mFiles Online[7C[34m:[19C[0;34m³[8HÃÄÄÄÄÄÄÄÄÄÄÄÄÄÄÄÄÄÄÄÄÄÄÄÄÄÄÄÄÄÄÄÄÄÄÄ´ [1;32mActive Messages    [34m:[19C[0;34m³[9H³ [1;33mSystem Status[21C[0;34m³ [1;32mFeedback W[s
[uaiting   [34m:[19C[0;34m³[10HÃÄÄÄÄÄÄÄÄÄÄÄÄÄÄÄÄÄÄÄÄÄÄÄÄÄÄÄÄÄÄÄÄÄÄÄ´ [1;32mNew Uploads[8C[34m:[19C[0;34m³[11H³[35C³ [1;32mNew Messages[7C[34m:[19C[0;34m³[12H³[35C³ [1;32mTotal Drive Space  [34m:[19C[0;34m³[13H³[35C³ [1;32mTota[s
[ul Space Free   [34m:[19C[0;34m³[14H³[35CÃÄÄÄÄÄÄÄÄÄÄÄÄÄÄÄÄÄÄÄÄÄÄÄÄÄÄÄÄÄÄÄÄÄÄÄÄÄÄÄÄ´[15H³[35C³[1m[[33mF1[34m] [37mExit BBS[8C[34m[[33mF6[34m] [37mRun Config    [0;34m³[16H³[35C³[1m[[33mF2[34m] [37mSend Carrier    [34m[[33mF7[s
[u[34m] [37mRun Terminal  [0;34m³[17H³[35C³[1m[[33mF3[34m] [37mRead Feedback   [34m[[33mF8[34m] [37mForce Backup  [0;34m³[18H³[35C³[1m[[33mF4[34m] [37mView SysLog[5C[34m[[33mF9[34m] [37mForce CyberNet[0;34m³[19H³[35C³[1m[[s
[u[33mF5[34m] [37mToggle Chat[5C[34m[[33mF10[34m] [37mLocal Login  [0;34m³[20HÃÄÄÄÄÄÄÄÄÄÄÄÄÄÄÄÄÄÄÄÄÄÄÄÄÄÄÄÂÄÄÄÄÄÄÄÁÄÄÄÄÄÄÄÄÄÄÄÄÄÄÄÂÄÄÄÄÄÄÄÄÄÄÄÄÄÄÄÄÄÄÄÄÄÄÄÄ´[21H³ [1;37mCyberThrash Version[34m:[6C[0;34m³ [1;31mModem Status[37m:[9C[s
[u[0;34m³ [1;37mChat[34m:[18C[0;34m³[22HÀÄÄÄÄÄÄÄÄÄÄÄÄÄÄÄÄÄÄÄÄÄÄÄÄÄÄÄÁÄÄÄÄÄÄÄÄÄÄÄÄÄÄÄÄÄÄÄÄÄÄÄÁÄÄÄÄÄÄÄÄÄÄÄÄÄÄÄÄÄÄÄÄÄÄÄÄÙ[23H[0m
